#
# There is insufficient memory for the Java Runtime Environment to continue.
# Native memory allocation (mmap) failed to map 75497472 bytes. Error detail: G1 virtual space
# Possible reasons:
#   The system is out of physical RAM or swap space
#   This process is running with CompressedOops enabled, and the Java Heap may be blocking the growth of the native heap
# Possible solutions:
#   Reduce memory load on the system
#   Increase physical memory or swap space
#   Check if swap backing store is full
#   Decrease Java heap size (-Xmx/-Xms)
#   Decrease number of Java threads
#   Decrease Java thread stack sizes (-Xss)
#   Set larger code cache with -XX:ReservedCodeCacheSize=
#   JVM is running with Zero Based Compressed Oops mode in which the Java heap is
#     placed in the first 32GB address space. The Java Heap base address is the
#     maximum limit for the native heap growth. Please use -XX:HeapBaseMinAddress
#     to set the Java Heap base and to place the Java Heap above 32GB virtual address.
# This output file may be truncated or incomplete.
#
#  Out of Memory Error (os_windows.cpp:3614), pid=12468, tid=3040
#
# JRE version: OpenJDK Runtime Environment Temurin-17.0.13+11 (17.0.13+11) (build 17.0.13+11)
# Java VM: OpenJDK 64-Bit Server VM Temurin-17.0.13+11 (17.0.13+11, mixed mode, sharing, tiered, compressed oops, compressed class ptrs, g1 gc, windows-amd64)
# No core dump will be written. Minidumps are not enabled by default on client versions of Windows
#

---------------  S U M M A R Y ------------

Command Line: C:\Users\User\.sonar\cache\d6e15f5e32432aa3c7ef8e65784f7efedd6c8b1a4e828c6a1557a4334109174f\sonar-scanner-engine-shaded-25.9.0.112764-all.jar

Host: Intel(R) Core(TM) i5-1035G1 CPU @ 1.00GHz, 8 cores, 11G,  Windows 11 , 64 bit Build 22621 (10.0.22621.4391)
Time: Mon Sep 29 12:27:55 2025 Hora est. Pacífico, Sudamérica elapsed time: 47.021533 seconds (0d 0h 0m 47s)

---------------  T H R E A D  ---------------

Current thread (0x00000208764c6c40):  VMThread "VM Thread" [stack: 0x0000005a56b00000,0x0000005a56c00000] [id=3040]

Stack: [0x0000005a56b00000,0x0000005a56c00000]
Native frames: (J=compiled Java code, j=interpreted, Vv=VM code, C=native code)
V  [jvm.dll+0x682a19]
V  [jvm.dll+0x839538]
V  [jvm.dll+0x83afe3]
V  [jvm.dll+0x83b653]
V  [jvm.dll+0x24704f]
V  [jvm.dll+0x67f809]
V  [jvm.dll+0x6746fa]
V  [jvm.dll+0x304a96]
V  [jvm.dll+0x30bf56]
V  [jvm.dll+0x35da5e]
V  [jvm.dll+0x35dc9d]
V  [jvm.dll+0x2dbe5c]
V  [jvm.dll+0x2da1ff]
V  [jvm.dll+0x2d996c]
V  [jvm.dll+0x31d14b]
V  [jvm.dll+0x83fe8d]
V  [jvm.dll+0x840bc3]
V  [jvm.dll+0x8410ef]
V  [jvm.dll+0x8414d4]
V  [jvm.dll+0x84159e]
V  [jvm.dll+0x7e8ffc]
V  [jvm.dll+0x6818f7]
C  [ucrtbase.dll+0x29333]
C  [KERNEL32.DLL+0x1259d]
C  [ntdll.dll+0x5af38]

VM_Operation (0x0000005a565fe030): G1CollectForAllocation, mode: safepoint, requested by thread 0x00000208586f3180


---------------  P R O C E S S  ---------------

Threads class SMR info:
_java_thread_list=0x0000020841f23700, length=27, elements={
0x00000208586f3180, 0x00000208764d3af0, 0x00000208764d46b0, 0x00000208764e2d00,
0x00000208764e56e0, 0x00000208764e80b0, 0x00000208764e8a70, 0x00000208764ea820,
0x00000208764f0200, 0x00000208764f0b10, 0x0000020876611fc0, 0x0000020876613d20,
0x000002087badca10, 0x000002087badd190, 0x000002087b2965d0, 0x000002087b298430,
0x000002087dfa32f0, 0x000002087dfa5150, 0x000002087dfa0560, 0x000002087dfa5660,
0x000002087dfa3d10, 0x000002087dfa4220, 0x000002087df9e1f0, 0x000002087dfa4730,
0x000002087dfa0050, 0x000002087d35d8c0, 0x000002087bef3090
}

Java Threads: ( => current thread )
  0x00000208586f3180 JavaThread "main" [_thread_blocked, id=12760, stack(0x0000005a56500000,0x0000005a56600000)]
  0x00000208764d3af0 JavaThread "Reference Handler" daemon [_thread_blocked, id=16288, stack(0x0000005a56c00000,0x0000005a56d00000)]
  0x00000208764d46b0 JavaThread "Finalizer" daemon [_thread_blocked, id=4612, stack(0x0000005a56d00000,0x0000005a56e00000)]
  0x00000208764e2d00 JavaThread "Signal Dispatcher" daemon [_thread_blocked, id=5652, stack(0x0000005a56e00000,0x0000005a56f00000)]
  0x00000208764e56e0 JavaThread "Attach Listener" daemon [_thread_blocked, id=5512, stack(0x0000005a56f00000,0x0000005a57000000)]
  0x00000208764e80b0 JavaThread "Service Thread" daemon [_thread_blocked, id=3964, stack(0x0000005a57000000,0x0000005a57100000)]
  0x00000208764e8a70 JavaThread "Monitor Deflation Thread" daemon [_thread_blocked, id=6744, stack(0x0000005a57100000,0x0000005a57200000)]
  0x00000208764ea820 JavaThread "C2 CompilerThread0" daemon [_thread_blocked, id=5200, stack(0x0000005a57200000,0x0000005a57300000)]
  0x00000208764f0200 JavaThread "C1 CompilerThread0" daemon [_thread_blocked, id=1664, stack(0x0000005a57300000,0x0000005a57400000)]
  0x00000208764f0b10 JavaThread "Sweeper thread" daemon [_thread_blocked, id=4712, stack(0x0000005a57400000,0x0000005a57500000)]
  0x0000020876611fc0 JavaThread "Notification Thread" daemon [_thread_blocked, id=13660, stack(0x0000005a57500000,0x0000005a57600000)]
  0x0000020876613d20 JavaThread "Common-Cleaner" daemon [_thread_blocked, id=12404, stack(0x0000005a57700000,0x0000005a57800000)]
  0x000002087badca10 JavaThread "OkHttp TaskRunner" daemon [_thread_blocked, id=10828, stack(0x0000005a58400000,0x0000005a58500000)]
  0x000002087badd190 JavaThread "Okio Watchdog" daemon [_thread_blocked, id=11464, stack(0x0000005a58500000,0x0000005a58600000)]
  0x000002087b2965d0 JavaThread "JGit-WorkQueue" daemon [_thread_blocked, id=16172, stack(0x0000005a58600000,0x0000005a58700000)]
  0x000002087b298430 JavaThread "HttpClient-1-SelectorManager" daemon [_thread_in_native, id=4252, stack(0x0000005a58800000,0x0000005a58900000)]
  0x000002087dfa32f0 JavaThread "nodejs-stream-consumer" daemon [_thread_in_native, id=16512, stack(0x0000005a58c00000,0x0000005a58d00000)]
  0x000002087dfa5150 JavaThread "nodejs-stream-consumer" daemon [_thread_in_native, id=15912, stack(0x0000005a58d00000,0x0000005a58e00000)]
  0x000002087dfa0560 JavaThread "HttpClient-1-Worker-0" daemon [_thread_blocked, id=9748, stack(0x0000005a58e00000,0x0000005a58f00000)]
  0x000002087dfa5660 JavaThread "HttpClient-1-Worker-1" daemon [_thread_blocked, id=12052, stack(0x0000005a57800000,0x0000005a57900000)]
  0x000002087dfa3d10 JavaThread "HttpClient-1-Worker-2" daemon [_thread_blocked, id=16480, stack(0x0000005a58f00000,0x0000005a59000000)]
  0x000002087dfa4220 JavaThread "pool-4-thread-1" [_thread_blocked, id=3392, stack(0x0000005a59000000,0x0000005a59100000)]
  0x000002087df9e1f0 JavaThread "WebSocketConnectReadThread-41" [_thread_in_native, id=10592, stack(0x0000005a59100000,0x0000005a59200000)]
  0x000002087dfa4730 JavaThread "WebSocketWriteThread-42" [_thread_blocked, id=14948, stack(0x0000005a59200000,0x0000005a59300000)]
  0x000002087dfa0050 JavaThread "ForkJoinPool.commonPool-worker-1" daemon [_thread_blocked, id=16556, stack(0x0000005a59600000,0x0000005a59700000)]
  0x000002087d35d8c0 JavaThread "C2 CompilerThread1" daemon [_thread_blocked, id=7116, stack(0x0000005a5ac00000,0x0000005a5ad00000)]
  0x000002087bef3090 JavaThread "C2 CompilerThread2" daemon [_thread_blocked, id=13004, stack(0x0000005a59a00000,0x0000005a59b00000)]

Other Threads:
=>0x00000208764c6c40 VMThread "VM Thread" [stack: 0x0000005a56b00000,0x0000005a56c00000] [id=3040]
  0x0000020876612cb0 WatcherThread [stack: 0x0000005a57600000,0x0000005a57700000] [id=16628]
  0x000002085874c310 GCTaskThread "GC Thread#0" [stack: 0x0000005a56600000,0x0000005a56700000] [id=9628]
  0x000002087b1a70a0 GCTaskThread "GC Thread#1" [stack: 0x0000005a57900000,0x0000005a57a00000] [id=7516]
  0x000002087b1f7c40 GCTaskThread "GC Thread#2" [stack: 0x0000005a57a00000,0x0000005a57b00000] [id=13320]
  0x000002087b2140a0 GCTaskThread "GC Thread#3" [stack: 0x0000005a57b00000,0x0000005a57c00000] [id=14164]
  0x000002087b269cd0 GCTaskThread "GC Thread#4" [stack: 0x0000005a57c00000,0x0000005a57d00000] [id=10768]
  0x000002087b26c7b0 GCTaskThread "GC Thread#5" [stack: 0x0000005a57d00000,0x0000005a57e00000] [id=7144]
  0x000002087b26ca70 GCTaskThread "GC Thread#6" [stack: 0x0000005a57e00000,0x0000005a57f00000] [id=3620]
  0x000002087b26cd30 GCTaskThread "GC Thread#7" [stack: 0x0000005a57f00000,0x0000005a58000000] [id=8560]
  0x0000020858758f30 ConcurrentGCThread "G1 Main Marker" [stack: 0x0000005a56700000,0x0000005a56800000] [id=1984]
  0x000002085875a960 ConcurrentGCThread "G1 Conc#0" [stack: 0x0000005a56800000,0x0000005a56900000] [id=14964]
  0x000002087bde5890 ConcurrentGCThread "G1 Conc#1" [stack: 0x0000005a58700000,0x0000005a58800000] [id=16544]
  0x00000208763855b0 ConcurrentGCThread "G1 Refine#0" [stack: 0x0000005a56900000,0x0000005a56a00000] [id=15028]
  0x000002087d434970 ConcurrentGCThread "G1 Refine#1" [stack: 0x0000005a58900000,0x0000005a58a00000] [id=7648]
  0x000002087d434680 ConcurrentGCThread "G1 Refine#2" [stack: 0x0000005a58a00000,0x0000005a58b00000] [id=8600]
  0x000002087d435240 ConcurrentGCThread "G1 Refine#3" [stack: 0x0000005a58b00000,0x0000005a58c00000] [id=2104]
  0x0000020876385fe0 ConcurrentGCThread "G1 Service" [stack: 0x0000005a56a00000,0x0000005a56b00000] [id=15064]

Threads with active compile tasks:
C2 CompilerThread0    47044 9904   !   4       java.nio.file.FileTreeWalker::visit (204 bytes)

VM state: at safepoint (normal execution)

VM Mutex/Monitor currently owned by a thread:  ([mutex/lock_event])
[0x00000208586eff90] Threads_lock - owner thread: 0x00000208764c6c40
[0x00000208586ef8d0] Heap_lock - owner thread: 0x00000208586f3180

Heap address: 0x0000000743200000, size: 3022 MB, Compressed Oops mode: Zero based, Oop shift amount: 3

CDS archive(s) mapped at: [0x0000020800000000-0x0000020800a50000-0x0000020800a50000), size 10813440, SharedBaseAddress: 0x0000020800000000, ArchiveRelocationMode: 1.
Compressed class space mapped at: 0x0000020801000000-0x0000020841000000, reserved size: 1073741824
Narrow klass base: 0x0000020800000000, Narrow klass shift: 0, Narrow klass range: 0x100000000

GC Precious Log:
 CPUs: 8 total, 8 available
 Memory: 12083M
 Large Page Support: Disabled
 NUMA Support: Disabled
 Compressed Oops: Enabled (Zero based)
 Heap Region Size: 2M
 Heap Min Capacity: 8M
 Heap Initial Capacity: 190M
 Heap Max Capacity: 3022M
 Pre-touch: Disabled
 Parallel Workers: 8
 Concurrent Workers: 2
 Concurrent Refinement Workers: 8
 Periodic GC: Disabled

Heap:
 garbage-first heap   total 100352K, used 38450K [0x0000000743200000, 0x0000000800000000)
  region size 2048K, 1 young (2048K), 1 survivors (2048K)
 Metaspace       used 55313K, committed 55872K, reserved 1114112K
  class space    used 6735K, committed 7040K, reserved 1048576K

Heap Regions: E=young(eden), S=young(survivor), O=old, HS=humongous(starts), HC=humongous(continues), CS=collection set, F=free, OA=open archive, CA=closed archive, TAMS=top-at-mark-start (previous, next)
|   0|0x0000000743200000, 0x0000000743400000, 0x0000000743400000|100%| O|  |TAMS 0x0000000743400000, 0x0000000743200000| Untracked 
|   1|0x0000000743400000, 0x0000000743600000, 0x0000000743600000|100%| O|  |TAMS 0x0000000743600000, 0x0000000743400000| Untracked 
|   2|0x0000000743600000, 0x0000000743800000, 0x0000000743800000|100%|HS|  |TAMS 0x0000000743800000, 0x0000000743600000| Complete 
|   3|0x0000000743800000, 0x0000000743a00000, 0x0000000743a00000|100%|HC|  |TAMS 0x0000000743a00000, 0x0000000743800000| Complete 
|   4|0x0000000743a00000, 0x0000000743c00000, 0x0000000743c00000|100%| O|  |TAMS 0x0000000743c00000, 0x0000000743a00000| Untracked 
|   5|0x0000000743c00000, 0x0000000743e00000, 0x0000000743e00000|100%| O|  |TAMS 0x0000000743e00000, 0x0000000743c00000| Untracked 
|   6|0x0000000743e00000, 0x0000000744000000, 0x0000000744000000|100%| O|  |TAMS 0x0000000744000000, 0x0000000743e00000| Untracked 
|   7|0x0000000744000000, 0x0000000744200000, 0x0000000744200000|100%| O|  |TAMS 0x0000000744200000, 0x0000000744000000| Untracked 
|   8|0x0000000744200000, 0x0000000744400000, 0x0000000744400000|100%| O|  |TAMS 0x0000000744400000, 0x0000000744200000| Untracked 
|   9|0x0000000744400000, 0x0000000744600000, 0x0000000744600000|100%| O|  |TAMS 0x0000000744600000, 0x0000000744400000| Untracked 
|  10|0x0000000744600000, 0x0000000744800000, 0x0000000744800000|100%| O|  |TAMS 0x0000000744800000, 0x0000000744600000| Untracked 
|  11|0x0000000744800000, 0x0000000744a00000, 0x0000000744a00000|100%| O|  |TAMS 0x0000000744a00000, 0x0000000744800000| Untracked 
|  12|0x0000000744a00000, 0x0000000744c00000, 0x0000000744c00000|100%| O|  |TAMS 0x0000000744c00000, 0x0000000744a00000| Untracked 
|  13|0x0000000744c00000, 0x0000000744e00000, 0x0000000744e00000|100%| O|  |TAMS 0x0000000744e00000, 0x0000000744c00000| Untracked 
|  14|0x0000000744e00000, 0x0000000745000000, 0x0000000745000000|100%| O|  |TAMS 0x0000000745000000, 0x0000000744e00000| Untracked 
|  15|0x0000000745000000, 0x0000000745200000, 0x0000000745200000|100%| O|  |TAMS 0x0000000745200000, 0x0000000745000000| Untracked 
|  16|0x0000000745200000, 0x0000000745350c00, 0x0000000745400000| 65%| O|  |TAMS 0x0000000745200000, 0x0000000745200000| Untracked 
|  17|0x0000000745400000, 0x0000000745400000, 0x0000000745600000|  0%| F|  |TAMS 0x0000000745400000, 0x0000000745400000| Untracked 
|  18|0x0000000745600000, 0x0000000745600000, 0x0000000745800000|  0%| F|  |TAMS 0x0000000745600000, 0x0000000745600000| Untracked 
|  19|0x0000000745800000, 0x0000000745800000, 0x0000000745a00000|  0%| F|  |TAMS 0x0000000745800000, 0x0000000745800000| Untracked 
|  20|0x0000000745a00000, 0x0000000745a00000, 0x0000000745c00000|  0%| F|  |TAMS 0x0000000745a00000, 0x0000000745a00000| Untracked 
|  21|0x0000000745c00000, 0x0000000745e00000, 0x0000000745e00000|100%| O|  |TAMS 0x0000000745c00000, 0x0000000745c00000| Untracked 
|  22|0x0000000745e00000, 0x0000000745e00000, 0x0000000746000000|  0%| F|  |TAMS 0x0000000745e00000, 0x0000000745e00000| Untracked 
|  23|0x0000000746000000, 0x0000000746200000, 0x0000000746200000|100%| O|  |TAMS 0x00000007460a7a00, 0x0000000746000000| Untracked 
|  24|0x0000000746200000, 0x0000000746200000, 0x0000000746400000|  0%| F|  |TAMS 0x0000000746200000, 0x0000000746200000| Untracked 
|  25|0x0000000746400000, 0x0000000746400000, 0x0000000746600000|  0%| F|  |TAMS 0x0000000746400000, 0x0000000746400000| Untracked 
|  26|0x0000000746600000, 0x0000000746600000, 0x0000000746800000|  0%| F|  |TAMS 0x0000000746600000, 0x0000000746600000| Untracked 
|  27|0x0000000746800000, 0x0000000746800000, 0x0000000746a00000|  0%| F|  |TAMS 0x0000000746800000, 0x0000000746800000| Untracked 
|  28|0x0000000746a00000, 0x0000000746a3be60, 0x0000000746c00000| 11%| S|CS|TAMS 0x0000000746a00000, 0x0000000746a00000| Complete 
|  29|0x0000000746c00000, 0x0000000746c00000, 0x0000000746e00000|  0%| F|  |TAMS 0x0000000746c00000, 0x0000000746c00000| Untracked 
|  30|0x0000000746e00000, 0x0000000746e00000, 0x0000000747000000|  0%| F|  |TAMS 0x0000000746e00000, 0x0000000746e00000| Untracked 
|  31|0x0000000747000000, 0x0000000747000000, 0x0000000747200000|  0%| F|  |TAMS 0x0000000747000000, 0x0000000747000000| Untracked 
|  32|0x0000000747200000, 0x0000000747200000, 0x0000000747400000|  0%| F|  |TAMS 0x0000000747200000, 0x0000000747200000| Untracked 
|  33|0x0000000747400000, 0x0000000747400000, 0x0000000747600000|  0%| F|  |TAMS 0x0000000747400000, 0x0000000747400000| Untracked 
|  34|0x0000000747600000, 0x0000000747600000, 0x0000000747800000|  0%| F|  |TAMS 0x0000000747600000, 0x0000000747600000| Untracked 
|  35|0x0000000747800000, 0x0000000747800000, 0x0000000747a00000|  0%| F|  |TAMS 0x0000000747800000, 0x0000000747800000| Untracked 
|  36|0x0000000747a00000, 0x0000000747a00000, 0x0000000747c00000|  0%| F|  |TAMS 0x0000000747a00000, 0x0000000747a00000| Untracked 
|  37|0x0000000747c00000, 0x0000000747c00000, 0x0000000747e00000|  0%| F|  |TAMS 0x0000000747c00000, 0x0000000747c00000| Untracked 
|  38|0x0000000747e00000, 0x0000000747e00000, 0x0000000748000000|  0%| F|  |TAMS 0x0000000747e00000, 0x0000000747e00000| Untracked 
|  39|0x0000000748000000, 0x0000000748000000, 0x0000000748200000|  0%| F|  |TAMS 0x0000000748000000, 0x0000000748000000| Untracked 
|  40|0x0000000748200000, 0x0000000748200000, 0x0000000748400000|  0%| F|  |TAMS 0x0000000748200000, 0x0000000748200000| Untracked 
|  41|0x0000000748400000, 0x0000000748400000, 0x0000000748600000|  0%| F|  |TAMS 0x0000000748400000, 0x0000000748400000| Untracked 
|  42|0x0000000748600000, 0x0000000748600000, 0x0000000748800000|  0%| F|  |TAMS 0x0000000748600000, 0x0000000748600000| Untracked 
|  43|0x0000000748800000, 0x0000000748800000, 0x0000000748a00000|  0%| F|  |TAMS 0x0000000748800000, 0x0000000748800000| Untracked 
|  80|0x000000074d200000, 0x000000074d200000, 0x000000074d400000|  0%| F|  |TAMS 0x000000074d200000, 0x000000074d200000| Untracked 
|  81|0x000000074d400000, 0x000000074d400000, 0x000000074d600000|  0%| F|  |TAMS 0x000000074d400000, 0x000000074d400000| Untracked 
|  82|0x000000074d600000, 0x000000074d600000, 0x000000074d800000|  0%| F|  |TAMS 0x000000074d600000, 0x000000074d600000| Untracked 
|  83|0x000000074d800000, 0x000000074d800000, 0x000000074da00000|  0%| F|  |TAMS 0x000000074d800000, 0x000000074d800000| Untracked 
|  94|0x000000074ee00000, 0x000000074ee00000, 0x000000074f000000|  0%| F|  |TAMS 0x000000074ee00000, 0x000000074ee00000| Untracked 

Card table byte_map: [0x000002086cff0000,0x000002086d5e0000] _byte_map_base: 0x00000208695d7000

Marking Bits (Prev, Next): (CMBitMap*) 0x000002085874c970, (CMBitMap*) 0x000002085874c930
 Prev Bits: [0x0000020870b10000, 0x0000020873a48000)
 Next Bits: [0x000002086dbd0000, 0x0000020870b08000)

Polling page: 0x00000208566e0000

Metaspace:

Usage:
  Non-class:     47.44 MB used.
      Class:      6.58 MB used.
       Both:     54.02 MB used.

Virtual space:
  Non-class space:       64.00 MB reserved,      47.69 MB ( 75%) committed,  1 nodes.
      Class space:        1.00 GB reserved,       6.88 MB ( <1%) committed,  1 nodes.
             Both:        1.06 GB reserved,      54.56 MB (  5%) committed. 

Chunk freelists:
   Non-Class:  15.45 MB
       Class:  9.16 MB
        Both:  24.61 MB

MaxMetaspaceSize: unlimited
CompressedClassSpaceSize: 1.00 GB
Initial GC threshold: 21.00 MB
Current GC threshold: 88.69 MB
CDS: on
MetaspaceReclaimPolicy: balanced
 - commit_granule_bytes: 65536.
 - commit_granule_words: 8192.
 - virtual_space_node_default_size: 8388608.
 - enlarge_chunks_in_place: 1.
 - new_chunks_are_fully_committed: 0.
 - uncommit_free_chunks: 1.
 - use_allocation_guard: 0.
 - handle_deallocations: 1.


Internal statistics:

num_allocs_failed_limit: 6.
num_arena_births: 706.
num_arena_deaths: 16.
num_vsnodes_births: 2.
num_vsnodes_deaths: 0.
num_space_committed: 873.
num_space_uncommitted: 0.
num_chunks_returned_to_freelist: 37.
num_chunks_taken_from_freelist: 2764.
num_chunk_merges: 19.
num_chunk_splits: 1913.
num_chunks_enlarged: 1392.
num_inconsistent_stats: 0.

CodeHeap 'non-profiled nmethods': size=120000Kb used=6119Kb max_used=6119Kb free=113880Kb
 bounds [0x00000208651a0000, 0x00000208657a0000, 0x000002086c6d0000]
CodeHeap 'profiled nmethods': size=120000Kb used=15879Kb max_used=15879Kb free=104120Kb
 bounds [0x000002085d6d0000, 0x000002085e660000, 0x0000020864c00000]
CodeHeap 'non-nmethods': size=5760Kb used=1325Kb max_used=1409Kb free=4434Kb
 bounds [0x0000020864c00000, 0x0000020864e70000, 0x00000208651a0000]
 total_blobs=8857 nmethods=8218 adapters=550
 compilation: enabled
              stopped_count=0, restarted_count=0
 full_count=0

Compilation events (20 events):
Event: 46.927 Thread 0x00000208764f0200 nmethod 9895 0x000002085e652490 code [0x000002085e652640, 0x000002085e652998]
Event: 46.927 Thread 0x00000208764f0200 9896       3       java.io.FileDescriptor::setHandle (33 bytes)
Event: 46.928 Thread 0x00000208764f0200 nmethod 9896 0x000002085e652a90 code [0x000002085e652c40, 0x000002085e652ec8]
Event: 46.940 Thread 0x00000208764f0200 9897       3       org.apache.commons.io.file.CountingPathVisitor::updateFileCounters (35 bytes)
Event: 46.940 Thread 0x00000208764f0200 nmethod 9897 0x000002085e652f90 code [0x000002085e653160, 0x000002085e653598]
Event: 46.940 Thread 0x00000208764f0200 9898       3       org.apache.commons.io.filefilter.SymbolicLinkFileFilter::accept (10 bytes)
Event: 46.940 Thread 0x00000208764f0200 nmethod 9898 0x000002085e653810 code [0x000002085e6539c0, 0x000002085e653cc8]
Event: 46.940 Thread 0x00000208764f0200 9899       3       org.apache.commons.io.filefilter.SymbolicLinkFileFilter::isSymbolicLink (5 bytes)
Event: 46.940 Thread 0x00000208764f0200 nmethod 9899 0x000002085e653e10 code [0x000002085e653fa0, 0x000002085e6540e8]
Event: 46.940 Thread 0x00000208764f0200 9900       3       org.apache.commons.io.filefilter.AbstractFileFilter::toFileVisitResult (16 bytes)
Event: 46.940 Thread 0x00000208764f0200 nmethod 9900 0x000002085e654190 code [0x000002085e654320, 0x000002085e6544b8]
Event: 46.940 Thread 0x00000208764f0200 9901       3       org.apache.commons.io.file.Counters$LongCounter::increment (11 bytes)
Event: 46.940 Thread 0x00000208764f0200 nmethod 9901 0x000002085e654590 code [0x000002085e654720, 0x000002085e654838]
Event: 46.940 Thread 0x00000208764f0200 9902       3       org.apache.commons.io.file.Counters$LongCounter::add (11 bytes)
Event: 46.940 Thread 0x00000208764f0200 nmethod 9902 0x000002085e654910 code [0x000002085e654aa0, 0x000002085e654bb8]
Event: 46.946 Thread 0x000002087d35d8c0 9903   !   4       sun.nio.fs.WindowsNativeDispatcher::CreateFile (41 bytes)
Event: 46.993 Thread 0x00000208764ea820 9904   !   4       java.nio.file.FileTreeWalker::visit (204 bytes)
Event: 46.993 Thread 0x000002087bef3090 9905   !   4       java.nio.file.FileTreeWalker::getAttributes (94 bytes)
Event: 46.997 Thread 0x000002087d35d8c0 nmethod 9903 0x0000020865795290 code [0x00000208657955e0, 0x00000208657980b0]
Event: 46.997 Thread 0x000002087bef3090 nmethod 9905 0x0000020865799510 code [0x00000208657996e0, 0x00000208657999f8]

GC Heap History (20 events):
Event: 42.354 GC heap after
{Heap after GC invocations=42 (full 0):
 garbage-first heap   total 100352K, used 31350K [0x0000000743200000, 0x0000000800000000)
  region size 2048K, 1 young (2048K), 1 survivors (2048K)
 Metaspace       used 42558K, committed 43072K, reserved 1114112K
  class space    used 5159K, committed 5376K, reserved 1048576K
}
Event: 44.030 GC heap before
{Heap before GC invocations=42 (full 0):
 garbage-first heap   total 100352K, used 78454K [0x0000000743200000, 0x0000000800000000)
  region size 2048K, 25 young (51200K), 1 survivors (2048K)
 Metaspace       used 43128K, committed 43648K, reserved 1114112K
  class space    used 5215K, committed 5440K, reserved 1048576K
}
Event: 44.033 GC heap after
{Heap after GC invocations=43 (full 0):
 garbage-first heap   total 100352K, used 36263K [0x0000000743200000, 0x0000000800000000)
  region size 2048K, 4 young (8192K), 4 survivors (8192K)
 Metaspace       used 43128K, committed 43648K, reserved 1114112K
  class space    used 5215K, committed 5440K, reserved 1048576K
}
Event: 44.118 GC heap before
{Heap before GC invocations=43 (full 0):
 garbage-first heap   total 100352K, used 77223K [0x0000000743200000, 0x0000000800000000)
  region size 2048K, 24 young (49152K), 4 survivors (8192K)
 Metaspace       used 43129K, committed 43648K, reserved 1114112K
  class space    used 5215K, committed 5440K, reserved 1048576K
}
Event: 44.125 GC heap after
{Heap after GC invocations=44 (full 0):
 garbage-first heap   total 100352K, used 41804K [0x0000000743200000, 0x0000000800000000)
  region size 2048K, 3 young (6144K), 3 survivors (6144K)
 Metaspace       used 43129K, committed 43648K, reserved 1114112K
  class space    used 5215K, committed 5440K, reserved 1048576K
}
Event: 44.145 GC heap before
{Heap before GC invocations=44 (full 0):
 garbage-first heap   total 100352K, used 76620K [0x0000000743200000, 0x0000000800000000)
  region size 2048K, 20 young (40960K), 3 survivors (6144K)
 Metaspace       used 43129K, committed 43648K, reserved 1114112K
  class space    used 5215K, committed 5440K, reserved 1048576K
}
Event: 44.152 GC heap after
{Heap after GC invocations=45 (full 0):
 garbage-first heap   total 100352K, used 44559K [0x0000000743200000, 0x0000000800000000)
  region size 2048K, 2 young (4096K), 2 survivors (4096K)
 Metaspace       used 43129K, committed 43648K, reserved 1114112K
  class space    used 5215K, committed 5440K, reserved 1048576K
}
Event: 44.334 GC heap before
{Heap before GC invocations=45 (full 0):
 garbage-first heap   total 100352K, used 77327K [0x0000000743200000, 0x0000000800000000)
  region size 2048K, 18 young (36864K), 2 survivors (4096K)
 Metaspace       used 45138K, committed 45632K, reserved 1114112K
  class space    used 5405K, committed 5632K, reserved 1048576K
}
Event: 44.336 GC heap after
{Heap after GC invocations=46 (full 0):
 garbage-first heap   total 100352K, used 44741K [0x0000000743200000, 0x0000000800000000)
  region size 2048K, 2 young (4096K), 2 survivors (4096K)
 Metaspace       used 45138K, committed 45632K, reserved 1114112K
  class space    used 5405K, committed 5632K, reserved 1048576K
}
Event: 44.955 GC heap before
{Heap before GC invocations=46 (full 0):
 garbage-first heap   total 100352K, used 79557K [0x0000000743200000, 0x0000000800000000)
  region size 2048K, 19 young (38912K), 2 survivors (4096K)
 Metaspace       used 49421K, committed 49984K, reserved 1114112K
  class space    used 6040K, committed 6336K, reserved 1048576K
}
Event: 44.958 GC heap after
{Heap after GC invocations=47 (full 0):
 garbage-first heap   total 100352K, used 46941K [0x0000000743200000, 0x0000000800000000)
  region size 2048K, 3 young (6144K), 3 survivors (6144K)
 Metaspace       used 49421K, committed 49984K, reserved 1114112K
  class space    used 6040K, committed 6336K, reserved 1048576K
}
Event: 45.108 GC heap before
{Heap before GC invocations=47 (full 0):
 garbage-first heap   total 100352K, used 81757K [0x0000000743200000, 0x0000000800000000)
  region size 2048K, 19 young (38912K), 3 survivors (6144K)
 Metaspace       used 49520K, committed 50112K, reserved 1114112K
  class space    used 6041K, committed 6336K, reserved 1048576K
}
Event: 45.112 GC heap after
{Heap after GC invocations=48 (full 0):
 garbage-first heap   total 100352K, used 51870K [0x0000000743200000, 0x0000000800000000)
  region size 2048K, 3 young (6144K), 3 survivors (6144K)
 Metaspace       used 49520K, committed 50112K, reserved 1114112K
  class space    used 6041K, committed 6336K, reserved 1048576K
}
Event: 46.073 GC heap before
{Heap before GC invocations=48 (full 0):
 garbage-first heap   total 100352K, used 76446K [0x0000000743200000, 0x0000000800000000)
  region size 2048K, 16 young (32768K), 3 survivors (6144K)
 Metaspace       used 53872K, committed 54464K, reserved 1114112K
  class space    used 6561K, committed 6848K, reserved 1048576K
}
Event: 46.075 GC heap after
{Heap after GC invocations=49 (full 0):
 garbage-first heap   total 100352K, used 50042K [0x0000000743200000, 0x0000000800000000)
  region size 2048K, 1 young (2048K), 1 survivors (2048K)
 Metaspace       used 53872K, committed 54464K, reserved 1114112K
  class space    used 6561K, committed 6848K, reserved 1048576K
}
Event: 46.572 GC heap before
{Heap before GC invocations=50 (full 0):
 garbage-first heap   total 100352K, used 70522K [0x0000000743200000, 0x0000000800000000)
  region size 2048K, 15 young (30720K), 1 survivors (2048K)
 Metaspace       used 54579K, committed 55168K, reserved 1114112K
  class space    used 6644K, committed 6912K, reserved 1048576K
}
Event: 46.574 GC heap after
{Heap after GC invocations=51 (full 0):
 garbage-first heap   total 100352K, used 44194K [0x0000000743200000, 0x0000000800000000)
  region size 2048K, 1 young (2048K), 1 survivors (2048K)
 Metaspace       used 54579K, committed 55168K, reserved 1114112K
  class space    used 6644K, committed 6912K, reserved 1048576K
}
Event: 46.588 GC heap before
{Heap before GC invocations=51 (full 0):
 garbage-first heap   total 100352K, used 46242K [0x0000000743200000, 0x0000000800000000)
  region size 2048K, 2 young (4096K), 1 survivors (2048K)
 Metaspace       used 54583K, committed 55168K, reserved 1114112K
  class space    used 6644K, committed 6912K, reserved 1048576K
}
Event: 46.589 GC heap after
{Heap after GC invocations=52 (full 0):
 garbage-first heap   total 100352K, used 38422K [0x0000000743200000, 0x0000000800000000)
  region size 2048K, 1 young (2048K), 1 survivors (2048K)
 Metaspace       used 54583K, committed 55168K, reserved 1114112K
  class space    used 6644K, committed 6912K, reserved 1048576K
}
Event: 46.998 GC heap before
{Heap before GC invocations=52 (full 0):
 garbage-first heap   total 100352K, used 77334K [0x0000000743200000, 0x0000000800000000)
  region size 2048K, 20 young (40960K), 1 survivors (2048K)
 Metaspace       used 55313K, committed 55872K, reserved 1114112K
  class space    used 6735K, committed 7040K, reserved 1048576K
}

Dll operation events (11 events):
Event: 0.005 Loaded shared library C:\Users\User\.sonar\cache\11a61a94d383e755b08b4e5890a13d148bc9f95b7149cbbeec62efb8c75a4a67\OpenJDK17U-jre_x64_windows_hotspot_17.0.13_11.zip_extracted\jdk-17.0.13+11-jre\bin\java.dll
Event: 0.018 Loaded shared library C:\Users\User\.sonar\cache\11a61a94d383e755b08b4e5890a13d148bc9f95b7149cbbeec62efb8c75a4a67\OpenJDK17U-jre_x64_windows_hotspot_17.0.13_11.zip_extracted\jdk-17.0.13+11-jre\bin\jsvml.dll
Event: 0.040 Loaded shared library C:\Users\User\.sonar\cache\11a61a94d383e755b08b4e5890a13d148bc9f95b7149cbbeec62efb8c75a4a67\OpenJDK17U-jre_x64_windows_hotspot_17.0.13_11.zip_extracted\jdk-17.0.13+11-jre\bin\net.dll
Event: 0.041 Loaded shared library C:\Users\User\.sonar\cache\11a61a94d383e755b08b4e5890a13d148bc9f95b7149cbbeec62efb8c75a4a67\OpenJDK17U-jre_x64_windows_hotspot_17.0.13_11.zip_extracted\jdk-17.0.13+11-jre\bin\nio.dll
Event: 0.058 Loaded shared library C:\Users\User\.sonar\cache\11a61a94d383e755b08b4e5890a13d148bc9f95b7149cbbeec62efb8c75a4a67\OpenJDK17U-jre_x64_windows_hotspot_17.0.13_11.zip_extracted\jdk-17.0.13+11-jre\bin\zip.dll
Event: 0.080 Loaded shared library C:\Users\User\.sonar\cache\11a61a94d383e755b08b4e5890a13d148bc9f95b7149cbbeec62efb8c75a4a67\OpenJDK17U-jre_x64_windows_hotspot_17.0.13_11.zip_extracted\jdk-17.0.13+11-jre\bin\jimage.dll
Event: 0.546 Loaded shared library C:\Users\User\.sonar\cache\11a61a94d383e755b08b4e5890a13d148bc9f95b7149cbbeec62efb8c75a4a67\OpenJDK17U-jre_x64_windows_hotspot_17.0.13_11.zip_extracted\jdk-17.0.13+11-jre\bin\verify.dll
Event: 0.720 Loaded shared library C:\Users\User\.sonar\cache\11a61a94d383e755b08b4e5890a13d148bc9f95b7149cbbeec62efb8c75a4a67\OpenJDK17U-jre_x64_windows_hotspot_17.0.13_11.zip_extracted\jdk-17.0.13+11-jre\bin\sunmscapi.dll
Event: 1.205 Loaded shared library C:\Users\User\.sonar\cache\11a61a94d383e755b08b4e5890a13d148bc9f95b7149cbbeec62efb8c75a4a67\OpenJDK17U-jre_x64_windows_hotspot_17.0.13_11.zip_extracted\jdk-17.0.13+11-jre\bin\extnet.dll
Event: 44.271 Loaded shared library C:\Users\User\.sonar\cache\11a61a94d383e755b08b4e5890a13d148bc9f95b7149cbbeec62efb8c75a4a67\OpenJDK17U-jre_x64_windows_hotspot_17.0.13_11.zip_extracted\jdk-17.0.13+11-jre\bin\management.dll
Event: 44.274 Loaded shared library C:\Users\User\.sonar\cache\11a61a94d383e755b08b4e5890a13d148bc9f95b7149cbbeec62efb8c75a4a67\OpenJDK17U-jre_x64_windows_hotspot_17.0.13_11.zip_extracted\jdk-17.0.13+11-jre\bin\management_ext.dll

Deoptimization events (20 events):
Event: 46.731 Thread 0x00000208586f3180 Uncommon trap: trap_request=0xffffff45 fr.pc=0x000002086548deec relative=0x00000000000001ac
Event: 46.731 Thread 0x00000208586f3180 Uncommon trap: reason=unstable_if action=reinterpret pc=0x000002086548deec method=java.nio.charset.CharsetEncoder.encode(Ljava/nio/CharBuffer;Ljava/nio/ByteBuffer;Z)Ljava/nio/charset/CoderResult; @ 82 c2
Event: 46.731 Thread 0x00000208586f3180 DEOPT PACKING pc=0x000002086548deec sp=0x0000005a565fe7c0
Event: 46.731 Thread 0x00000208586f3180 DEOPT UNPACKING pc=0x0000020864c5a1a3 sp=0x0000005a565fe758 mode 2
Event: 46.750 Thread 0x00000208586f3180 Uncommon trap: trap_request=0xffffffd6 fr.pc=0x000002086576ef7c relative=0x00000000000006bc
Event: 46.750 Thread 0x00000208586f3180 Uncommon trap: reason=array_check action=maybe_recompile pc=0x000002086576ef7c method=java.util.TimSort.binarySort([Ljava/lang/Object;IIILjava/util/Comparator;)V @ 215 c2
Event: 46.750 Thread 0x00000208586f3180 DEOPT PACKING pc=0x000002086576ef7c sp=0x0000005a565fe770
Event: 46.750 Thread 0x00000208586f3180 DEOPT UNPACKING pc=0x0000020864c5a1a3 sp=0x0000005a565fe708 mode 2
Event: 46.751 Thread 0x00000208586f3180 Uncommon trap: trap_request=0xffffffd6 fr.pc=0x000002086576ef7c relative=0x00000000000006bc
Event: 46.751 Thread 0x00000208586f3180 Uncommon trap: reason=array_check action=maybe_recompile pc=0x000002086576ef7c method=java.util.TimSort.binarySort([Ljava/lang/Object;IIILjava/util/Comparator;)V @ 215 c2
Event: 46.751 Thread 0x00000208586f3180 DEOPT PACKING pc=0x000002086576ef7c sp=0x0000005a565fe770
Event: 46.751 Thread 0x00000208586f3180 DEOPT UNPACKING pc=0x0000020864c5a1a3 sp=0x0000005a565fe708 mode 2
Event: 46.751 Thread 0x00000208586f3180 Uncommon trap: trap_request=0xffffffd6 fr.pc=0x000002086576ef7c relative=0x00000000000006bc
Event: 46.751 Thread 0x00000208586f3180 Uncommon trap: reason=array_check action=maybe_recompile pc=0x000002086576ef7c method=java.util.TimSort.binarySort([Ljava/lang/Object;IIILjava/util/Comparator;)V @ 215 c2
Event: 46.751 Thread 0x00000208586f3180 DEOPT PACKING pc=0x000002086576ef7c sp=0x0000005a565fe770
Event: 46.751 Thread 0x00000208586f3180 DEOPT UNPACKING pc=0x0000020864c5a1a3 sp=0x0000005a565fe708 mode 2
Event: 46.753 Thread 0x00000208586f3180 Uncommon trap: trap_request=0xffffffd6 fr.pc=0x000002086576ef7c relative=0x00000000000006bc
Event: 46.753 Thread 0x00000208586f3180 Uncommon trap: reason=array_check action=maybe_recompile pc=0x000002086576ef7c method=java.util.TimSort.binarySort([Ljava/lang/Object;IIILjava/util/Comparator;)V @ 215 c2
Event: 46.753 Thread 0x00000208586f3180 DEOPT PACKING pc=0x000002086576ef7c sp=0x0000005a565fe770
Event: 46.753 Thread 0x00000208586f3180 DEOPT UNPACKING pc=0x0000020864c5a1a3 sp=0x0000005a565fe708 mode 2

Classes loaded (20 events):
Event: 46.231 Loading class java/util/ResourceBundle$Control$2
Event: 46.231 Loading class java/util/ResourceBundle$Control$2 done
Event: 46.232 Loading class java/util/PropertyResourceBundle
Event: 46.232 Loading class java/util/PropertyResourceBundle done
Event: 46.232 Loading class sun/util/PropertyResourceBundleCharset
Event: 46.232 Loading class sun/util/PropertyResourceBundleCharset done
Event: 46.232 Loading class sun/util/PropertyResourceBundleCharset$PropertiesFileDecoder
Event: 46.232 Loading class sun/util/PropertyResourceBundleCharset$PropertiesFileDecoder done
Event: 46.239 Loading class java/util/ResourceBundle$BundleReference
Event: 46.239 Loading class java/util/ResourceBundle$BundleReference done
Event: 46.727 Loading class java/nio/channels/Channels$WritableByteChannelImpl
Event: 46.727 Loading class java/nio/channels/Channels$WritableByteChannelImpl done
Event: 46.727 Loading class sun/nio/cs/ThreadLocalCoders
Event: 46.730 Loading class sun/nio/cs/ThreadLocalCoders done
Event: 46.730 Loading class sun/nio/cs/ThreadLocalCoders$1
Event: 46.730 Loading class sun/nio/cs/ThreadLocalCoders$Cache
Event: 46.730 Loading class sun/nio/cs/ThreadLocalCoders$Cache done
Event: 46.730 Loading class sun/nio/cs/ThreadLocalCoders$1 done
Event: 46.730 Loading class sun/nio/cs/ThreadLocalCoders$2
Event: 46.730 Loading class sun/nio/cs/ThreadLocalCoders$2 done

Classes unloaded (8 events):
Event: 46.116 Thread 0x00000208764c6c40 Unloading class 0x00000208014b0800 'GeneratedBySSLR'
Event: 46.116 Thread 0x00000208764c6c40 Unloading class 0x00000208014b0000 'GeneratedBySSLR'
Event: 46.116 Thread 0x00000208764c6c40 Unloading class 0x00000208014a4400 'GeneratedBySSLR'
Event: 46.116 Thread 0x00000208764c6c40 Unloading class 0x00000208014a4800 'GeneratedBySSLR'
Event: 46.116 Thread 0x00000208764c6c40 Unloading class 0x000002080149d800 'GeneratedBySSLR'
Event: 46.116 Thread 0x00000208764c6c40 Unloading class 0x000002080149d000 'GeneratedBySSLR'
Event: 46.116 Thread 0x00000208764c6c40 Unloading class 0x000002080149c800 'GeneratedBySSLR'
Event: 46.116 Thread 0x00000208764c6c40 Unloading class 0x000002080149c000 'GeneratedBySSLR'

Classes redefined (0 events):
No events

Internal exceptions (20 events):
Event: 46.436 Thread 0x000002087dfa0a70 Exception <a 'sun/nio/fs/WindowsException'{0x00000007482baf18}> (0x00000007482baf18) 
thrown [s\src\hotspot\share\prims\jni.cpp, line 516]
Event: 46.436 Thread 0x000002087dfa0a70 Exception <a 'sun/nio/fs/WindowsException'{0x0000000748312fc8}> (0x0000000748312fc8) 
thrown [s\src\hotspot\share\prims\jni.cpp, line 516]
Event: 46.436 Thread 0x000002087dfa0a70 Exception <a 'sun/nio/fs/WindowsException'{0x0000000748313710}> (0x0000000748313710) 
thrown [s\src\hotspot\share\prims\jni.cpp, line 516]
Event: 46.440 Thread 0x000002087dfa0a70 Exception <a 'sun/nio/fs/WindowsException'{0x00000007483465d0}> (0x00000007483465d0) 
thrown [s\src\hotspot\share\prims\jni.cpp, line 516]
Event: 46.440 Thread 0x000002087dfa0a70 Exception <a 'sun/nio/fs/WindowsException'{0x0000000748346d18}> (0x0000000748346d18) 
thrown [s\src\hotspot\share\prims\jni.cpp, line 516]
Event: 46.440 Thread 0x000002087dfa0a70 Exception <a 'sun/nio/fs/WindowsException'{0x000000074834a190}> (0x000000074834a190) 
thrown [s\src\hotspot\share\prims\jni.cpp, line 516]
Event: 46.440 Thread 0x000002087dfa0a70 Exception <a 'sun/nio/fs/WindowsException'{0x000000074834a8d8}> (0x000000074834a8d8) 
thrown [s\src\hotspot\share\prims\jni.cpp, line 516]
Event: 46.444 Thread 0x000002087dfa0a70 Exception <a 'sun/nio/fs/WindowsException'{0x00000007483d3a00}> (0x00000007483d3a00) 
thrown [s\src\hotspot\share\prims\jni.cpp, line 516]
Event: 46.444 Thread 0x000002087dfa0a70 Exception <a 'sun/nio/fs/WindowsException'{0x00000007483d4148}> (0x00000007483d4148) 
thrown [s\src\hotspot\share\prims\jni.cpp, line 516]
Event: 46.444 Thread 0x000002087dfa0a70 Exception <a 'sun/nio/fs/WindowsException'{0x00000007483d82d0}> (0x00000007483d82d0) 
thrown [s\src\hotspot\share\prims\jni.cpp, line 516]
Event: 46.444 Thread 0x000002087dfa0a70 Exception <a 'sun/nio/fs/WindowsException'{0x00000007483d8a18}> (0x00000007483d8a18) 
thrown [s\src\hotspot\share\prims\jni.cpp, line 516]
Event: 46.463 Thread 0x000002087df9fb40 Exception <a 'java/lang/InterruptedException'{0x0000000747cee4a0}: sleep interrupted> (0x0000000747cee4a0) 
thrown [s\src\hotspot\share\prims\jvm.cpp, line 3064]
Event: 46.614 Thread 0x000002087d86f990 Exception <a 'java/lang/InterruptedException'{0x000000074d686fd8}: sleep interrupted> (0x000000074d686fd8) 
thrown [s\src\hotspot\share\prims\jvm.cpp, line 3064]
Event: 46.620 Thread 0x00000208586f3180 Exception <a 'sun/nio/fs/WindowsException'{0x000000074d6ba3a8}> (0x000000074d6ba3a8) 
thrown [s\src\hotspot\share\prims\jni.cpp, line 516]
Event: 46.620 Thread 0x00000208586f3180 Exception <a 'sun/nio/fs/WindowsException'{0x000000074d6baaf0}> (0x000000074d6baaf0) 
thrown [s\src\hotspot\share\prims\jni.cpp, line 516]
Event: 46.620 Thread 0x00000208586f3180 Exception <a 'sun/nio/fs/WindowsException'{0x000000074d6c0080}> (0x000000074d6c0080) 
thrown [s\src\hotspot\share\prims\jni.cpp, line 516]
Event: 46.620 Thread 0x00000208586f3180 Exception <a 'sun/nio/fs/WindowsException'{0x000000074d6c07c8}> (0x000000074d6c07c8) 
thrown [s\src\hotspot\share\prims\jni.cpp, line 516]
Event: 46.620 Thread 0x00000208586f3180 Exception <a 'sun/nio/fs/WindowsException'{0x000000074d6c18e8}> (0x000000074d6c18e8) 
thrown [s\src\hotspot\share\prims\jni.cpp, line 516]
Event: 46.620 Thread 0x00000208586f3180 Exception <a 'sun/nio/fs/WindowsException'{0x000000074d6c2030}> (0x000000074d6c2030) 
thrown [s\src\hotspot\share\prims\jni.cpp, line 516]
Event: 46.686 Thread 0x00000208586f3180 Implicit null exception at 0x00000208653dae4f to 0x00000208653dafd4

VM Operations (20 events):
Event: 44.958 Executing VM operation: G1CollectForAllocation done
Event: 45.108 Executing VM operation: G1CollectForAllocation
Event: 45.112 Executing VM operation: G1CollectForAllocation done
Event: 45.344 Executing VM operation: HandshakeAllThreads
Event: 45.344 Executing VM operation: HandshakeAllThreads done
Event: 46.073 Executing VM operation: G1CollectForAllocation
Event: 46.076 Executing VM operation: G1CollectForAllocation done
Event: 46.099 Executing VM operation: G1PauseRemark
Event: 46.121 Executing VM operation: G1PauseRemark done
Event: 46.135 Executing VM operation: G1PauseCleanup
Event: 46.135 Executing VM operation: G1PauseCleanup done
Event: 46.202 Executing VM operation: HandshakeAllThreads
Event: 46.202 Executing VM operation: HandshakeAllThreads done
Event: 46.572 Executing VM operation: G1CollectForAllocation
Event: 46.574 Executing VM operation: G1CollectForAllocation done
Event: 46.588 Executing VM operation: G1CollectForAllocation
Event: 46.589 Executing VM operation: G1CollectForAllocation done
Event: 46.643 Executing VM operation: HandshakeAllThreads
Event: 46.643 Executing VM operation: HandshakeAllThreads done
Event: 46.998 Executing VM operation: G1CollectForAllocation

Memory protections (0 events):
No events

Nmethod flushes (20 events):
Event: 44.594 Thread 0x00000208764f0b10 flushing  nmethod 0x000002085e4d4910
Event: 44.594 Thread 0x00000208764f0b10 flushing  nmethod 0x000002085e4d8f90
Event: 44.594 Thread 0x00000208764f0b10 flushing  nmethod 0x000002085e4db010
Event: 44.594 Thread 0x00000208764f0b10 flushing  nmethod 0x000002085e4e0290
Event: 44.594 Thread 0x00000208764f0b10 flushing  nmethod 0x000002085e4e0a90
Event: 44.594 Thread 0x00000208764f0b10 flushing  nmethod 0x000002085e4e1290
Event: 44.594 Thread 0x00000208764f0b10 flushing  nmethod 0x000002085e4e2210
Event: 44.594 Thread 0x00000208764f0b10 flushing  nmethod 0x000002085e4e2590
Event: 44.594 Thread 0x00000208764f0b10 flushing  nmethod 0x000002085e4e3b90
Event: 44.594 Thread 0x00000208764f0b10 flushing  nmethod 0x000002085e4e5610
Event: 44.594 Thread 0x00000208764f0b10 flushing  nmethod 0x000002085e4e5b90
Event: 44.594 Thread 0x00000208764f0b10 flushing  nmethod 0x000002085e4e7290
Event: 44.594 Thread 0x00000208764f0b10 flushing  nmethod 0x000002085e4e7b10
Event: 44.594 Thread 0x00000208764f0b10 flushing osr nmethod 0x000002085e4e9090
Event: 44.594 Thread 0x00000208764f0b10 flushing  nmethod 0x000002085e4eb210
Event: 44.594 Thread 0x00000208764f0b10 flushing  nmethod 0x000002085e4ed190
Event: 44.594 Thread 0x00000208764f0b10 flushing  nmethod 0x000002085e4eed10
Event: 44.594 Thread 0x00000208764f0b10 flushing  nmethod 0x000002085e4ef290
Event: 44.594 Thread 0x00000208764f0b10 flushing  nmethod 0x000002085e4f0990
Event: 44.594 Thread 0x00000208764f0b10 flushing  nmethod 0x000002085e4fcf10

Events (20 events):
Event: 46.288 Thread 0x000002087d86fea0 Thread exited: 0x000002087d86fea0
Event: 46.288 Thread 0x000002087d86ea60 Thread exited: 0x000002087d86ea60
Event: 46.289 Thread 0x000002087d8708c0 Thread exited: 0x000002087d8708c0
Event: 46.298 Thread 0x000002087b295bb0 Thread exited: 0x000002087b295bb0
Event: 46.308 Thread 0x000002087b295190 Thread exited: 0x000002087b295190
Event: 46.316 Thread 0x00000208764f0200 Thread added: 0x000002087bef3090
Event: 46.320 Thread 0x000002087d874070 Thread exited: 0x000002087d874070
Event: 46.320 Thread 0x000002087d86e550 Thread exited: 0x000002087d86e550
Event: 46.323 Thread 0x000002087d8712e0 Thread exited: 0x000002087d8712e0
Event: 46.324 Thread 0x000002087d86f480 Thread exited: 0x000002087d86f480
Event: 46.328 Thread 0x000002087dfa1490 Thread exited: 0x000002087dfa1490
Event: 46.329 Thread 0x000002087dfa19a0 Thread exited: 0x000002087dfa19a0
Event: 46.329 Thread 0x000002087dfa4c40 Thread exited: 0x000002087dfa4c40
Event: 46.349 Thread 0x000002087dfa0f80 Thread exited: 0x000002087dfa0f80
Event: 46.458 Thread 0x000002087dfa0a70 Thread exited: 0x000002087dfa0a70
Event: 46.463 Thread 0x000002087df9fb40 Thread exited: 0x000002087df9fb40
Event: 46.485 Thread 0x00000208586f3180 Thread added: 0x000002087d86f990
Event: 46.486 Thread 0x00000208586f3180 Thread added: 0x000002087d86f480
Event: 46.614 Thread 0x000002087d86f990 Thread exited: 0x000002087d86f990
Event: 46.614 Thread 0x000002087d86f480 Thread exited: 0x000002087d86f480


Dynamic libraries:
0x00007ff639a00000 - 0x00007ff639a0e000 	C:\Users\User\.sonar\cache\11a61a94d383e755b08b4e5890a13d148bc9f95b7149cbbeec62efb8c75a4a67\OpenJDK17U-jre_x64_windows_hotspot_17.0.13_11.zip_extracted\jdk-17.0.13+11-jre\bin\java.exe
0x00007ff8afdf0000 - 0x00007ff8b0007000 	C:\WINDOWS\SYSTEM32\ntdll.dll
0x00007ff8ae4d0000 - 0x00007ff8ae594000 	C:\WINDOWS\System32\KERNEL32.DLL
0x00007ff8ad720000 - 0x00007ff8adad9000 	C:\WINDOWS\System32\KERNELBASE.dll
0x00007ff8ad160000 - 0x00007ff8ad271000 	C:\WINDOWS\System32\ucrtbase.dll
0x00007ff8a3470000 - 0x00007ff8a3487000 	C:\Users\User\.sonar\cache\11a61a94d383e755b08b4e5890a13d148bc9f95b7149cbbeec62efb8c75a4a67\OpenJDK17U-jre_x64_windows_hotspot_17.0.13_11.zip_extracted\jdk-17.0.13+11-jre\bin\jli.dll
0x00007ff8a3940000 - 0x00007ff8a395e000 	C:\Users\User\.sonar\cache\11a61a94d383e755b08b4e5890a13d148bc9f95b7149cbbeec62efb8c75a4a67\OpenJDK17U-jre_x64_windows_hotspot_17.0.13_11.zip_extracted\jdk-17.0.13+11-jre\bin\VCRUNTIME140.dll
0x00007ff8af300000 - 0x00007ff8af4ae000 	C:\WINDOWS\System32\USER32.dll
0x00007ff8adae0000 - 0x00007ff8adb06000 	C:\WINDOWS\System32\win32u.dll
0x00007ff898a90000 - 0x00007ff898d22000 	C:\WINDOWS\WinSxS\amd64_microsoft.windows.common-controls_6595b64144ccf1df_6.0.22621.4391_none_2715d37f73803e96\COMCTL32.dll
0x00007ff8af2a0000 - 0x00007ff8af2c9000 	C:\WINDOWS\System32\GDI32.dll
0x00007ff8af130000 - 0x00007ff8af1d7000 	C:\WINDOWS\System32\msvcrt.dll
0x00007ff8ad280000 - 0x00007ff8ad39b000 	C:\WINDOWS\System32\gdi32full.dll
0x00007ff8ad3a0000 - 0x00007ff8ad43a000 	C:\WINDOWS\System32\msvcp_win.dll
0x00007ff8afa60000 - 0x00007ff8afa91000 	C:\WINDOWS\System32\IMM32.DLL
0x00007ff8a59e0000 - 0x00007ff8a59ec000 	C:\Users\User\.sonar\cache\11a61a94d383e755b08b4e5890a13d148bc9f95b7149cbbeec62efb8c75a4a67\OpenJDK17U-jre_x64_windows_hotspot_17.0.13_11.zip_extracted\jdk-17.0.13+11-jre\bin\vcruntime140_1.dll
0x00007ff85eb50000 - 0x00007ff85ebdd000 	C:\Users\User\.sonar\cache\11a61a94d383e755b08b4e5890a13d148bc9f95b7149cbbeec62efb8c75a4a67\OpenJDK17U-jre_x64_windows_hotspot_17.0.13_11.zip_extracted\jdk-17.0.13+11-jre\bin\msvcp140.dll
0x00007ff8357e0000 - 0x00007ff83644b000 	C:\Users\User\.sonar\cache\11a61a94d383e755b08b4e5890a13d148bc9f95b7149cbbeec62efb8c75a4a67\OpenJDK17U-jre_x64_windows_hotspot_17.0.13_11.zip_extracted\jdk-17.0.13+11-jre\bin\server\jvm.dll
0x00007ff8af510000 - 0x00007ff8af5c2000 	C:\WINDOWS\System32\ADVAPI32.dll
0x00007ff8addf0000 - 0x00007ff8ade97000 	C:\WINDOWS\System32\sechost.dll
0x00007ff8ad500000 - 0x00007ff8ad528000 	C:\WINDOWS\System32\bcrypt.dll
0x00007ff8adeb0000 - 0x00007ff8adfc4000 	C:\WINDOWS\System32\RPCRT4.dll
0x00007ff8af020000 - 0x00007ff8af091000 	C:\WINDOWS\System32\WS2_32.dll
0x00007ff8acfc0000 - 0x00007ff8ad00d000 	C:\WINDOWS\SYSTEM32\POWRPROF.dll
0x00007ff8a8d20000 - 0x00007ff8a8d54000 	C:\WINDOWS\SYSTEM32\WINMM.dll
0x00007ff8a6160000 - 0x00007ff8a616a000 	C:\WINDOWS\SYSTEM32\VERSION.dll
0x00007ff8acfa0000 - 0x00007ff8acfb3000 	C:\WINDOWS\SYSTEM32\UMPDC.dll
0x00007ff8ac130000 - 0x00007ff8ac148000 	C:\WINDOWS\SYSTEM32\kernel.appcore.dll
0x00007ff8a4ef0000 - 0x00007ff8a4efa000 	C:\Users\User\.sonar\cache\11a61a94d383e755b08b4e5890a13d148bc9f95b7149cbbeec62efb8c75a4a67\OpenJDK17U-jre_x64_windows_hotspot_17.0.13_11.zip_extracted\jdk-17.0.13+11-jre\bin\jimage.dll
0x00007ff8aa9b0000 - 0x00007ff8aabe2000 	C:\WINDOWS\SYSTEM32\DBGHELP.DLL
0x00007ff8af6d0000 - 0x00007ff8afa5f000 	C:\WINDOWS\System32\combase.dll
0x00007ff8aee20000 - 0x00007ff8aeef7000 	C:\WINDOWS\System32\OLEAUT32.dll
0x00007ff896580000 - 0x00007ff8965b2000 	C:\WINDOWS\SYSTEM32\dbgcore.DLL
0x00007ff8ad6a0000 - 0x00007ff8ad71b000 	C:\WINDOWS\System32\bcryptPrimitives.dll
0x00007ff89d490000 - 0x00007ff89d4b5000 	C:\Users\User\.sonar\cache\11a61a94d383e755b08b4e5890a13d148bc9f95b7149cbbeec62efb8c75a4a67\OpenJDK17U-jre_x64_windows_hotspot_17.0.13_11.zip_extracted\jdk-17.0.13+11-jre\bin\java.dll
0x00007ff85ea70000 - 0x00007ff85eb47000 	C:\Users\User\.sonar\cache\11a61a94d383e755b08b4e5890a13d148bc9f95b7149cbbeec62efb8c75a4a67\OpenJDK17U-jre_x64_windows_hotspot_17.0.13_11.zip_extracted\jdk-17.0.13+11-jre\bin\jsvml.dll
0x00007ff8ae5a0000 - 0x00007ff8aee16000 	C:\WINDOWS\System32\SHELL32.dll
0x00007ff8ab030000 - 0x00007ff8ab933000 	C:\WINDOWS\SYSTEM32\windows.storage.dll
0x00007ff8aaef0000 - 0x00007ff8ab02f000 	C:\WINDOWS\SYSTEM32\wintypes.dll
0x00007ff8adcf0000 - 0x00007ff8adde9000 	C:\WINDOWS\System32\SHCORE.dll
0x00007ff8af240000 - 0x00007ff8af29e000 	C:\WINDOWS\System32\shlwapi.dll
0x00007ff8ad020000 - 0x00007ff8ad04b000 	C:\WINDOWS\SYSTEM32\profapi.dll
0x00007ff8a2e40000 - 0x00007ff8a2e59000 	C:\Users\User\.sonar\cache\11a61a94d383e755b08b4e5890a13d148bc9f95b7149cbbeec62efb8c75a4a67\OpenJDK17U-jre_x64_windows_hotspot_17.0.13_11.zip_extracted\jdk-17.0.13+11-jre\bin\net.dll
0x00007ff8a8be0000 - 0x00007ff8a8d16000 	C:\WINDOWS\SYSTEM32\WINHTTP.dll
0x00007ff8ac5b0000 - 0x00007ff8ac619000 	C:\WINDOWS\system32\mswsock.dll
0x00007ff89bbc0000 - 0x00007ff89bbd6000 	C:\Users\User\.sonar\cache\11a61a94d383e755b08b4e5890a13d148bc9f95b7149cbbeec62efb8c75a4a67\OpenJDK17U-jre_x64_windows_hotspot_17.0.13_11.zip_extracted\jdk-17.0.13+11-jre\bin\nio.dll
0x00007ff88e930000 - 0x00007ff88e948000 	C:\Users\User\.sonar\cache\11a61a94d383e755b08b4e5890a13d148bc9f95b7149cbbeec62efb8c75a4a67\OpenJDK17U-jre_x64_windows_hotspot_17.0.13_11.zip_extracted\jdk-17.0.13+11-jre\bin\zip.dll
0x00007ff8ac800000 - 0x00007ff8ac81b000 	C:\WINDOWS\SYSTEM32\CRYPTSP.dll
0x00007ff8ac090000 - 0x00007ff8ac0c5000 	C:\WINDOWS\system32\rsaenh.dll
0x00007ff8ac6a0000 - 0x00007ff8ac6c8000 	C:\WINDOWS\SYSTEM32\USERENV.dll
0x00007ff8ac820000 - 0x00007ff8ac82c000 	C:\WINDOWS\SYSTEM32\CRYPTBASE.dll
0x00007ff8abba0000 - 0x00007ff8abbcd000 	C:\WINDOWS\SYSTEM32\IPHLPAPI.DLL
0x00007ff8aef60000 - 0x00007ff8aef69000 	C:\WINDOWS\System32\NSI.dll
0x00007ff8a8b80000 - 0x00007ff8a8b99000 	C:\WINDOWS\SYSTEM32\dhcpcsvc6.DLL
0x00007ff8a8b60000 - 0x00007ff8a8b7f000 	C:\WINDOWS\SYSTEM32\dhcpcsvc.DLL
0x00007ff8abc10000 - 0x00007ff8abd12000 	C:\WINDOWS\SYSTEM32\DNSAPI.dll
0x00007ff8a3400000 - 0x00007ff8a3410000 	C:\Users\User\.sonar\cache\11a61a94d383e755b08b4e5890a13d148bc9f95b7149cbbeec62efb8c75a4a67\OpenJDK17U-jre_x64_windows_hotspot_17.0.13_11.zip_extracted\jdk-17.0.13+11-jre\bin\verify.dll
0x00007ff8a32e0000 - 0x00007ff8a32ee000 	C:\Users\User\.sonar\cache\11a61a94d383e755b08b4e5890a13d148bc9f95b7149cbbeec62efb8c75a4a67\OpenJDK17U-jre_x64_windows_hotspot_17.0.13_11.zip_extracted\jdk-17.0.13+11-jre\bin\sunmscapi.dll
0x00007ff8ad530000 - 0x00007ff8ad696000 	C:\WINDOWS\System32\CRYPT32.dll
0x00007ff8ac9a0000 - 0x00007ff8ac9cd000 	C:\WINDOWS\SYSTEM32\ncrypt.dll
0x00007ff8ac960000 - 0x00007ff8ac997000 	C:\WINDOWS\SYSTEM32\NTASN1.dll
0x00007ff8acca0000 - 0x00007ff8accb2000 	C:\WINDOWS\SYSTEM32\MSASN1.dll
0x00007ff8ac640000 - 0x00007ff8ac666000 	C:\WINDOWS\SYSTEM32\gpapi.dll
0x00007ff87d400000 - 0x00007ff87d432000 	C:\WINDOWS\SYSTEM32\cryptnet.dll
0x00007ff8aa1e0000 - 0x00007ff8aa1ed000 	C:\WINDOWS\SYSTEM32\WINNSI.DLL
0x00007ff89aba0000 - 0x00007ff89abaa000 	C:\Windows\System32\rasadhlp.dll
0x00007ff8a5d10000 - 0x00007ff8a5d93000 	C:\WINDOWS\System32\fwpuclnt.dll
0x00007ff89d480000 - 0x00007ff89d489000 	C:\Users\User\.sonar\cache\11a61a94d383e755b08b4e5890a13d148bc9f95b7149cbbeec62efb8c75a4a67\OpenJDK17U-jre_x64_windows_hotspot_17.0.13_11.zip_extracted\jdk-17.0.13+11-jre\bin\extnet.dll
0x00007ff89ce90000 - 0x00007ff89ce98000 	C:\WINDOWS\system32\wshunix.dll
0x00007ff8a35b0000 - 0x00007ff8a35ba000 	C:\Users\User\.sonar\cache\11a61a94d383e755b08b4e5890a13d148bc9f95b7149cbbeec62efb8c75a4a67\OpenJDK17U-jre_x64_windows_hotspot_17.0.13_11.zip_extracted\jdk-17.0.13+11-jre\bin\management.dll
0x00007ff8a35a0000 - 0x00007ff8a35ab000 	C:\Users\User\.sonar\cache\11a61a94d383e755b08b4e5890a13d148bc9f95b7149cbbeec62efb8c75a4a67\OpenJDK17U-jre_x64_windows_hotspot_17.0.13_11.zip_extracted\jdk-17.0.13+11-jre\bin\management_ext.dll
0x00007ff8af2d0000 - 0x00007ff8af2d8000 	C:\WINDOWS\System32\PSAPI.DLL

dbghelp: loaded successfully - version: 4.0.5 - missing functions: none
symbol engine: initialized successfully - sym options: 0x614 - pdb path: .;C:\Users\User\.sonar\cache\11a61a94d383e755b08b4e5890a13d148bc9f95b7149cbbeec62efb8c75a4a67\OpenJDK17U-jre_x64_windows_hotspot_17.0.13_11.zip_extracted\jdk-17.0.13+11-jre\bin;C:\WINDOWS\SYSTEM32;C:\WINDOWS\WinSxS\amd64_microsoft.windows.common-controls_6595b64144ccf1df_6.0.22621.4391_none_2715d37f73803e96;C:\Users\User\.sonar\cache\11a61a94d383e755b08b4e5890a13d148bc9f95b7149cbbeec62efb8c75a4a67\OpenJDK17U-jre_x64_windows_hotspot_17.0.13_11.zip_extracted\jdk-17.0.13+11-jre\bin\server

VM Arguments:
java_command: C:\Users\User\.sonar\cache\d6e15f5e32432aa3c7ef8e65784f7efedd6c8b1a4e828c6a1557a4334109174f\sonar-scanner-engine-shaded-25.9.0.112764-all.jar
java_class_path (initial): C:\Users\User\.sonar\cache\d6e15f5e32432aa3c7ef8e65784f7efedd6c8b1a4e828c6a1557a4334109174f\sonar-scanner-engine-shaded-25.9.0.112764-all.jar
Launcher Type: SUN_STANDARD

[Global flags]
     intx CICompilerCount                          = 4                                         {product} {ergonomic}
     uint ConcGCThreads                            = 2                                         {product} {ergonomic}
     uint G1ConcRefinementThreads                  = 8                                         {product} {ergonomic}
   size_t G1HeapRegionSize                         = 2097152                                   {product} {ergonomic}
    uintx GCDrainStackTargetSize                   = 64                                        {product} {ergonomic}
   size_t InitialHeapSize                          = 199229440                                 {product} {ergonomic}
   size_t MarkStackSize                            = 4194304                                   {product} {ergonomic}
   size_t MaxHeapSize                              = 3168796672                                {product} {ergonomic}
   size_t MaxNewSize                               = 1900019712                                {product} {ergonomic}
   size_t MinHeapDeltaBytes                        = 2097152                                   {product} {ergonomic}
   size_t MinHeapSize                              = 8388608                                   {product} {ergonomic}
    uintx NonNMethodCodeHeapSize                   = 5839372                                {pd product} {ergonomic}
    uintx NonProfiledCodeHeapSize                  = 122909434                              {pd product} {ergonomic}
    uintx ProfiledCodeHeapSize                     = 122909434                              {pd product} {ergonomic}
    uintx ReservedCodeCacheSize                    = 251658240                              {pd product} {ergonomic}
     bool SegmentedCodeCache                       = true                                      {product} {ergonomic}
   size_t SoftMaxHeapSize                          = 3168796672                             {manageable} {ergonomic}
     bool UseCompressedClassPointers               = true                           {product lp64_product} {ergonomic}
     bool UseCompressedOops                        = true                           {product lp64_product} {ergonomic}
     bool UseG1GC                                  = true                                      {product} {ergonomic}
     bool UseLargePagesIndividualAllocation        = false                                  {pd product} {ergonomic}

Logging:
Log output configuration:
 #0: stdout all=warning uptime,level,tags
 #1: stderr all=off uptime,level,tags

Environment Variables:
JAVA_HOME=C:\Program Files\Java\jdk-17
PATH=C:\Users\User\bin;C:\Program Files\Git\mingw64\bin;C:\Program Files\Git\usr\local\bin;C:\Program Files\Git\usr\bin;C:\Program Files\Git\usr\bin;C:\Program Files\Git\mingw64\bin;C:\Program Files\Git\usr\bin;C:\Users\User\bin;C:\Program Files\Common Files\Oracle\Java\javapath;C:\Python311\Scripts;C:\Python311;C:\app\User\product\21c\dbhomeXE\bin;C:\Program Files\Rockwell Software\RSCommon;C:\Program Files (x86)\Common Files\Oracle\Java\javapath;C:\WINDOWS\system32;C:\WINDOWS;C:\WINDOWS\System32\Wbem;C:\WINDOWS\System32\WindowsPowerShell\v1.0;C:\WINDOWS\System32\OpenSSH;C:\Program Files (x86)\Windows Live\Shared;C:\Program Files\Java\jdk1.8.0_281\bin;C:\Program Files\Java\jre1.8.0_281\bin;C:\Program Files\Microsoft SQL Server\Client SDK\ODBC\170\Tools\Binn;C:\Program Files (x86)\Microsoft SQL Server\150\Tools\Binn;C:\Program Files\Microsoft SQL Server\150\Tools\Binn;C:\Program Files\Microsoft SQL Server\150\DTS\Binn;C:\Program Files (x86)\Microsoft SQL Server\150\DTS\Binn;C:\Program Files\dotnet;C:\maven-carpeta\apache-maven-4.0.0-alpha-5\bin;C:\Program Files\CMake\bin;C:\ProgramData\chocolatey\bin;C:\composer;C:\laragon\bin\php\php-8.2.5-nts-Win32-vs16-x64;C:\Program Files\PostgreSQL\13\bin;C:\Program Files (x86)\Microsoft SQL Server\160\DTS\Binn;C:\Program Files\wkhtmltopdf\bin;C:\Program Files\Git\cmd;C:\Users\User\AppData\Local\nvm;C:\nvm4w\nodejs;C:\Program Files\Amazon\AWSCLIV2;C:\laragon\bin;C:\laragon\bin\apache\httpd-2.4.54-win64-VS16\bin;C:\laragon\bin\composer;C:\laragon\bin\git\bin;C:\laragon\bin\git\cmd;C:\laragon\bin\git\mingw64\bin;C:\laragon\bin\git\usr\bin;C:\laragon\bin\laragon\utils;C:\laragon\bin\mysql\mysql-8.0.30-winx64\bin;C:\laragon\bin\nginx\nginx-1.22.0;C:\laragon\bin\ngrok;C:\laragon\bin\nodejs\node-v18;C:\laragon\bin\notepad++;C:\laragon\bin\php\php-8.2.5-nts-Win32-vs16-x64;C:\laragon\bin\postgresql\postgresql-13.11-3-windows-x64-binaries\bin;C:\laragon\bin\python\python-3.10;C:\laragon\bin\python\python-3.10\Scripts;C:\laragon\bin\redis\r
USERNAME=User
SHELL=C:\Program Files\Git\usr\bin\bash.exe
DISPLAY=needs-to-be-defined
LANG=es_ES.UTF-8
TERM=xterm-256color
TMPDIR=C:\Users\User\AppData\Local\Temp
OS=Windows_NT
PROCESSOR_IDENTIFIER=Intel64 Family 6 Model 126 Stepping 5, GenuineIntel
TMP=C:\Users\User\AppData\Local\Temp
TEMP=C:\Users\User\AppData\Local\Temp



Periodic native trim disabled


---------------  S Y S T E M  ---------------

OS:
 Windows 11 , 64 bit Build 22621 (10.0.22621.4391)
OS uptime: 6 days 18:51 hours

CPU: total 8 (initial active 8) (4 cores per cpu, 2 threads per core) family 6 model 126 stepping 5 microcode 0x86, cx8, cmov, fxsr, ht, mmx, 3dnowpref, sse, sse2, sse3, ssse3, sse4.1, sse4.2, popcnt, lzcnt, tsc, tscinvbit, avx, avx2, aes, erms, clmul, bmi1, bmi2, adx, avx512f, avx512dq, avx512cd, avx512bw, avx512vl, sha, fma, vzeroupper, avx512_vpopcntdq, avx512_vpclmulqdq, avx512_vaes, avx512_vnni, clflush, clflushopt, avx512_vbmi2, avx512_vbmi
Processor Information for all 8 processors :
  Max Mhz: 1190, Current Mhz: 991, Mhz Limit: 987

Memory: 4k page, system-wide physical 12083M (1638M free)
TotalPageFile size 14131M (AvailPageFile size 51M)
current process WorkingSet (physical memory assigned to process): 276M, peak: 287M
current process commit charge ("private bytes"): 311M, peak: 383M

vm_info: OpenJDK 64-Bit Server VM (17.0.13+11) for windows-amd64 JRE (17.0.13+11), built on Oct 16 2024 00:10:08 by "admin" with MS VC++ 17.7 (VS2022)

END.
